// Jest Snapshot v1, https://goo.gl/fbAQLP

exports[`calendar renders correctly 1`] = `ShallowWrapper {}`;

exports[`calendar renders correctly 2`] = `
<header
  currentMonth={2019-05-10T00:00:00.000Z}
  nextMonth={[Function]}
  prevMonth={[Function]}
/>
`;

exports[`calendar renders correctly 3`] = `
<Cells
  currentMonth={2019-05-10T00:00:00.000Z}
  onDateClick={[Function]}
  reminders={
    Array [
      Object {
        "date": "09/08/2019",
        "message": "Birthday",
      },
      Object {
        "date": "10/08/2019",
        "message": "New Year",
      },
    ]
  }
/>
`;
